../Core/Src/main.c:88:5:main	32	static
../Core/Src/main.c:194:6:SystemClock_Config	96	static
../Core/Src/main.c:255:13:MX_RNG_Init	8	static
../Core/Src/main.c:281:13:MX_TIM6_Init	24	static
../Core/Src/main.c:319:13:MX_USART2_UART_Init	8	static
../Core/Src/main.c:354:13:MX_GPIO_Init	40	static
../Core/Src/main.c:390:6:HAL_UART_RxCpltCallback	16	static
../Core/Src/main.c:414:6:_tim_timeout_nonblocking_with_callback	16	static
../Core/Src/main.c:427:6:HAL_TIM_PeriodElapsedCallback	16	static
../Core/Src/main.c:435:6:reset_led	8	static
../Core/Src/main.c:446:6:Error_Handler	4	static,ignoring_inline_asm
